
> igniterouter@0.1.0 test:verify
> vitest run test/verify-all.test.ts --reporter=verbose


[1m[46m RUN [49m[22m [36mv4.0.18 [39m[90mD:/Recks/IgniteRouter[39m

node.exe : [90mstderr[2m | test/verify-all.test.ts[2m > [22m[2mGROUP H ΓÇö Provider Config Loading[2m > [22m[2mH09: Provider with null id
At line:1 char:1
+ & "C:\Program Files\nodejs/node.exe" "C:\Program Files\nodejs/node_mo ...
+ ~~~~~~~~~~~~~~~~~~~~~~~~~~~~~~~~~~~~~~~~~~~~~~~~~~~~~~~~~~~~~~~~~~~~~
    + CategoryInfo          : NotSpecified: ([90mstderr[2m...er with null id:String) [], RemoteException
    + FullyQualifiedErrorId : NativeCommandError
 
[22m[39m[IgniteRouter] Skipping provider entry with missing or empty id

[90mstdout[2m | test/verify-all.test.ts[2m > [22m[2mGROUP I ΓÇö Proxy HTTP Endpoints[2m > [22m[2mI03: POST /v1/chat/completions ΓÇö simple chat
[22m[39m[IgniteRouter] Using ignite routing engine with 3 provider(s)

[90mstdout[2m | test/verify-all.test.ts[2m > [22m[2mGROUP I ΓÇö Proxy HTTP Endpoints[2m > [22m[2mI04: POST /v1/chat/completions ΓÇö explicit override
[22m[39m[IgniteRouter] Using ignite routing engine with 3 provider(s)

[90mstdout[2m | test/verify-all.test.ts[2m > [22m[2mGROUP I ΓÇö Proxy HTTP Endpoints[2m > [22m[2mI05: POST /v1/chat/completions ΓÇö unknown model
[22m[39m[IgniteRouter] Using ignite routing engine with 3 provider(s)

[90mstdout[2m | test/verify-all.test.ts[2m > [22m[2mGROUP I ΓÇö Proxy HTTP Endpoints[2m > [22m[2mI05: POST /v1/chat/completions ΓÇö unknown model
[22m[39m[IgniteRouter] Routing error: Model 'unknown/not-configured' is not configured in IgniteRouter. Add it to your provider list or use igniterouter/auto for automatic routing.

[90mstdout[2m | test/verify-all.test.ts[2m > [22m[2mGROUP I ΓÇö Proxy HTTP Endpoints[2m > [22m[2mI07: POST /v1/chat/completions ΓÇö vision request
[22m[39m[IgniteRouter] Using ignite routing engine with 3 provider(s)

[90mstdout[2m | test/verify-all.test.ts[2m > [22m[2mGROUP I ΓÇö Proxy HTTP Endpoints[2m > [22m[2mI08: POST /v1/chat/completions ΓÇö fallback on 429
[22m[39m[IgniteRouter] Using ignite routing engine with 3 provider(s)

[90mstdout[2m | test/verify-all.test.ts[2m > [22m[2mRouting Decision Table[2m > [22m[2mprints routing table for 10 prompts
[22m[39m

ΓòöΓòÉΓòÉΓòÉΓòÉΓòÉΓòÉΓòÉΓòÉΓòÉΓòÉΓòÉΓòÉΓòÉΓòÉΓòÉΓòÉΓòÉΓòÉΓòÉΓòÉΓòÉΓòÉΓòÉΓòÉΓòÉΓòÉΓòÉΓòÉΓòÉΓòÉΓòÉΓòÉΓòÉΓòÉΓòÉΓòÉΓòÉΓòÉΓòÉΓòÉΓòÉΓòÉΓòÉΓòÉΓòÉΓòÉΓòÉΓòÉΓòÉΓòÉΓòÉΓòÉΓòÉΓòÉΓòÉΓòÉΓòÉΓòÉΓòÉΓòÉΓòÉΓòÉΓòÉΓòÉΓòÉΓòÉΓòÉΓòÉΓòÉΓòÉΓòÉΓòÉΓòÉΓòÉΓòÉΓòÉΓòÉΓòÉΓòÉΓòÉΓòÉΓòÉΓòÉΓòÉΓòÉΓòÉΓòÉΓòÉΓòÉΓòÉΓòù
Γòæ               IgniteRouter ΓÇö Live Routing Decision Table                                Γòæ
ΓòáΓòÉΓòÉΓòÉΓòÉΓòÉΓòÉΓòÉΓòÉΓòÉΓòÉΓòÉΓòÉΓòÉΓòÉΓòÉΓòÉΓòÉΓòÉΓòÉΓòÉΓòÉΓòÉΓòÉΓòÉΓòÉΓòÉΓòÉΓòÉΓòÉΓòÉΓòÉΓòÉΓòÉΓòÉΓòÉΓòÉΓòÉΓòÉΓòÉΓòÉΓòÉΓòÉΓòÉΓòÉΓòÉΓòÉΓòÉΓòÉΓòÉΓòÉΓòÉΓòÉΓòÉΓòÉΓòÉΓòÉΓòÉΓòÉΓòÉΓòÉΓòÉΓòÉΓòÉΓòÉΓòÉΓòÉΓòÉΓòÉΓòÉΓòÉΓòÉΓòÉΓòÉΓòÉΓòÉΓòÉΓòÉΓòÉΓòÉΓòÉΓòÉΓòÉΓòÉΓòÉΓòÉΓòÉΓòÉΓòÉΓòÉΓòÉΓòú
Γòæ Prompt                                      Task       Tier      Model Selected            Γòæ
ΓòáΓòÉΓòÉΓòÉΓòÉΓòÉΓòÉΓòÉΓòÉΓòÉΓòÉΓòÉΓòÉΓòÉΓòÉΓòÉΓòÉΓòÉΓòÉΓòÉΓòÉΓòÉΓòÉΓòÉΓòÉΓòÉΓòÉΓòÉΓòÉΓòÉΓòÉΓòÉΓòÉΓòÉΓòÉΓòÉΓòÉΓòÉΓòÉΓòÉΓòÉΓòÉΓòÉΓòÉΓòÉΓòÉΓòÉΓòÉΓòÉΓòÉΓòÉΓòÉΓòÉΓòÉΓòÉΓòÉΓòÉΓòÉΓòÉΓòÉΓòÉΓòÉΓòÉΓòÉΓòÉΓòÉΓòÉΓòÉΓòÉΓòÉΓòÉΓòÉΓòÉΓòÉΓòÉΓòÉΓòÉΓòÉΓòÉΓòÉΓòÉΓòÉΓòÉΓòÉΓòÉΓòÉΓòÉΓòÉΓòÉΓòÉΓòÉΓòú

[90mstdout[2m | test/verify-all.test.ts[2m > [22m[2mRouting Decision Table[2m > [22m[2mprints routing table for 10 prompts
[22m[39mΓòæ hello how are you                           chat       SIMPLE    openai/gpt-4o-mini        Γòæ

[90mstdout[2m | test/verify-all.test.ts[2m > [22m[2mRouting Decision Table[2m > [22m[2mprints routing table for 10 prompts
[22m[39mΓòæ what is the capital of France               chat       SIMPLE    openai/gpt-4o-mini        Γòæ

[90mstdout[2m | test/verify-all.test.ts[2m > [22m[2mRouting Decision Table[2m > [22m[2mprints routing table for 10 prompts
[22m[39mΓòæ write a short story about a brave robot     creative   SIMPLE    openai/gpt-4o-mini        Γòæ

[90mstdout[2m | test/verify-all.test.ts[2m > [22m[2mRouting Decision Table[2m > [22m[2mprints routing table for 10 prompts
[22m[39mΓòæ explain how TCP/IP works                    chat       MEDIUM    ollama/llama3:8b          Γòæ

[90mstdout[2m | test/verify-all.test.ts[2m > [22m[2mRouting Decision Table[2m > [22m[2mprints routing table for 10 prompts
[22m[39mΓòæ analyse microservices vs monolith tradeofΓÇª  reasoning  COMPLEX   openai/gpt-4o             Γòæ

[90mstdout[2m | test/verify-all.test.ts[2m > [22m[2mRouting Decision Table[2m > [22m[2mprints routing table for 10 prompts
[22m[39mΓòæ prove that sqrt(2) is irrational step by ΓÇª  deep       EXPERT    anthropic/claude-opus-4   Γòæ

[90mstdout[2m | test/verify-all.test.ts[2m > [22m[2mRouting Decision Table[2m > [22m[2mprints routing table for 10 prompts
[22m[39mΓòæ search the web and summarise results        agentic    MEDIUM    openai/gpt-4o-mini        Γòæ

[90mstdout[2m | test/verify-all.test.ts[2m > [22m[2mRouting Decision Table[2m > [22m[2mprints routing table for 10 prompts
[22m[39mΓòæ what is in this image?                      vision     SIMPLE    google/gemini-2.5-flash   Γòæ

[90mstdout[2m | test/verify-all.test.ts[2m > [22m[2mRouting Decision Table[2m > [22m[2mprints routing table for 10 prompts
[22m[39mΓòæ /model openai/gpt-4o do this task           override   direct    openai/gpt-4o             Γòæ

[90mstdout[2m | test/verify-all.test.ts[2m > [22m[2mRouting Decision Table[2m > [22m[2mprints routing table for 10 prompts
[22m[39mΓòæ write a comprehensive research paper on AI  deep       MEDIUM    ollama/llama3:8b          Γòæ
ΓòÜΓòÉΓòÉΓòÉΓòÉΓòÉΓòÉΓòÉΓòÉΓòÉΓòÉΓòÉΓòÉΓòÉΓòÉΓòÉΓòÉΓòÉΓòÉΓòÉΓòÉΓòÉΓòÉΓòÉΓòÉΓòÉΓòÉΓòÉΓòÉΓòÉΓòÉΓòÉΓòÉΓòÉΓòÉΓòÉΓòÉΓòÉΓòÉΓòÉΓòÉΓòÉΓòÉΓòÉΓòÉΓòÉΓòÉΓòÉΓòÉΓòÉΓòÉΓòÉΓòÉΓòÉΓòÉΓòÉΓòÉΓòÉΓòÉΓòÉΓòÉΓòÉΓòÉΓòÉΓòÉΓòÉΓòÉΓòÉΓòÉΓòÉΓòÉΓòÉΓòÉΓòÉΓòÉΓòÉΓòÉΓòÉΓòÉΓòÉΓòÉΓòÉΓòÉΓòÉΓòÉΓòÉΓòÉΓòÉΓòÉΓòÉΓòÉΓò¥


 [32mΓ£ô[39m test/verify-all.test.ts[2m > [22mGROUP A ΓÇö Task Classification[2m > [22mA01: "hello how are you" -> chat[32m 2[2mms[22m[39m
 [32mΓ£ô[39m test/verify-all.test.ts[2m > [22mGROUP A ΓÇö Task Classification[2m > [22mA02: "what is the capital of France" -> chat[32m 1[2mms[22m[39m
 [32mΓ£ô[39m test/verify-all.test.ts[2m > [22mGROUP A ΓÇö Task Classification[2m > [22mA03: "translate hello to Spanish" -> chat[32m 0[2mms[22m[39m
 [32mΓ£ô[39m test/verify-all.test.ts[2m > [22mGROUP A ΓÇö Task Classification[2m > [22mA04: "write a short story about a robot" -> creative[32m 0[2mms[22m[39m
 [32mΓ£ô[39m test/verify-all.test.ts[2m > [22mGROUP A ΓÇö Task Classification[2m > [22mA05: "brainstorm 5 startup ideas" -> creative[32m 0[2mms[22m[39m
 [32mΓ£ô[39m test/verify-all.test.ts[2m > [22mGROUP A ΓÇö Task Classification[2m > [22mA06: "write a poem about rain" -> creative[32m 0[2mms[22m[39m
 [32mΓ£ô[39m test/verify-all.test.ts[2m > [22mGROUP A ΓÇö Task Classification[2m > [22mA07: "analyse the tradeoffs between microservices and monolith" -> reasoning[32m 0[2mms[22m[39m
 [32mΓ£ô[39m test/verify-all.test.ts[2m > [22mGROUP A ΓÇö Task Classification[2m > [22mA08: "compare React vs Vue for a large project" -> reasoning[32m 0[2mms[22m[39m
 [32mΓ£ô[39m test/verify-all.test.ts[2m > [22mGROUP A ΓÇö Task Classification[2m > [22mA09: "should I use PostgreSQL or MongoDB?" -> reasoning[32m 0[2mms[22m[39m
 [32mΓ£ô[39m test/verify-all.test.ts[2m > [22mGROUP A ΓÇö Task Classification[2m > [22mA12: "prove that there are infinitely many prime numbers step by step formally" -> deep[32m 0[2mms[22m[39m
 [32mΓ£ô[39m test/verify-all.test.ts[2m > [22mGROUP A ΓÇö Task Classification[2m > [22mA10: messages with tools array -> TaskType.Agentic[32m 0[2mms[22m[39m
 [32mΓ£ô[39m test/verify-all.test.ts[2m > [22mGROUP A ΓÇö Task Classification[2m > [22mA11: messages with image_url -> TaskType.Vision[32m 0[2mms[22m[39m
 [32mΓ£ô[39m test/verify-all.test.ts[2m > [22mGROUP B ΓÇö Complexity Scoring[2m > [22mB01: scoreToTier(0.05) === ComplexityTier.Simple[32m 0[2mms[22m[39m
 [32mΓ£ô[39m test/verify-all.test.ts[2m > [22mGROUP B ΓÇö Complexity Scoring[2m > [22mB02: scoreToTier(0.29) === ComplexityTier.Simple[32m 0[2mms[22m[39m
 [32mΓ£ô[39m test/verify-all.test.ts[2m > [22mGROUP B ΓÇö Complexity Scoring[2m > [22mB03: scoreToTier(0.30) === ComplexityTier.Medium[32m 0[2mms[22m[39m
 [32mΓ£ô[39m test/verify-all.test.ts[2m > [22mGROUP B ΓÇö Complexity Scoring[2m > [22mB04: scoreToTier(0.59) === ComplexityTier.Medium[32m 0[2mms[22m[39m
 [32mΓ£ô[39m test/verify-all.test.ts[2m > [22mGROUP B ΓÇö Complexity Scoring[2m > [22mB05: scoreToTier(0.60) === ComplexityTier.Complex[32m 0[2mms[22m[39m
 [32mΓ£ô[39m test/verify-all.test.ts[2m > [22mGROUP B ΓÇö Complexity Scoring[2m > [22mB06: scoreToTier(0.84) === ComplexityTier.Complex[32m 0[2mms[22m[39m
 [32mΓ£ô[39m test/verify-all.test.ts[2m > [22mGROUP B ΓÇö Complexity Scoring[2m > [22mB07: scoreToTier(0.85) === ComplexityTier.Expert[32m 0[2mms[22m[39m
 [32mΓ£ô[39m test/verify-all.test.ts[2m > [22mGROUP B ΓÇö Complexity Scoring[2m > [22mB08: scoreToTier(0.99) === ComplexityTier.Expert[32m 0[2mms[22m[39m
 [32mΓ£ô[39m test/verify-all.test.ts[2m > [22mGROUP B ΓÇö Complexity Scoring[2m > [22mB09: scoreComplexity("hi") -> score < 0.30[32m 23[2mms[22m[39m
 [32mΓ£ô[39m test/verify-all.test.ts[2m > [22mGROUP B ΓÇö Complexity Scoring[2m > [22mB10: scoreComplexity("explain how TCP/IP works") -> score >= 0.30[32m 3[2mms[22m[39m
 [32mΓ£ô[39m test/verify-all.test.ts[2m > [22mGROUP B ΓÇö Complexity Scoring[2m > [22mB11: scoreComplexity reasoning -> score >= 0.60[32m 2[2mms[22m[39m
 [32mΓ£ô[39m test/verify-all.test.ts[2m > [22mGROUP B ΓÇö Complexity Scoring[2m > [22mB12: scoreComplexity formal -> score >= 0.70[32m 2[2mms[22m[39m
 [32mΓ£ô[39m test/verify-all.test.ts[2m > [22mGROUP B ΓÇö Complexity Scoring[2m > [22mB13: long prompt higher score[32m 3[2mms[22m[39m
 [32mΓ£ô[39m test/verify-all.test.ts[2m > [22mGROUP B ΓÇö Complexity Scoring[2m > [22mB14: mock fetch to throw for localhost:8500[32m 1[2mms[22m[39m
 [32mΓ£ô[39m test/verify-all.test.ts[2m > [22mGROUP C ΓÇö Override Detection[2m > [22mC01: requestedModel="openai/gpt-4o"[32m 1[2mms[22m[39m
 [32mΓ£ô[39m test/verify-all.test.ts[2m > [22mGROUP C ΓÇö Override Detection[2m > [22mC02: requestedModel="igniterouter/auto"[32m 0[2mms[22m[39m
 [32mΓ£ô[39m test/verify-all.test.ts[2m > [22mGROUP C ΓÇö Override Detection[2m > [22mC03: requestedModel="auto"[32m 0[2mms[22m[39m
 [32mΓ£ô[39m test/verify-all.test.ts[2m > [22mGROUP C ΓÇö Override Detection[2m > [22mC04: requestedModel="blockrun/auto"[32m 0[2mms[22m[39m
 [32mΓ£ô[39m test/verify-all.test.ts[2m > [22mGROUP C ΓÇö Override Detection[2m > [22mC05: requestedModel="smartrouter/auto"[32m 0[2mms[22m[39m
 [32mΓ£ô[39m test/verify-all.test.ts[2m > [22mGROUP C ΓÇö Override Detection[2m > [22mC06: message="/model openai/gpt-4o do this task"[32m 0[2mms[22m[39m
 [32mΓ£ô[39m test/verify-all.test.ts[2m > [22mGROUP C ΓÇö Override Detection[2m > [22mC07: message="/model anthropic/claude-opus-4"[32m 0[2mms[22m[39m
 [32mΓ£ô[39m test/verify-all.test.ts[2m > [22mGROUP C ΓÇö Override Detection[2m > [22mC08: message="use gpt-4o for this task"[32m 0[2mms[22m[39m
 [32mΓ£ô[39m test/verify-all.test.ts[2m > [22mGROUP C ΓÇö Override Detection[2m > [22mC09: message="@openai/gpt-4o help me"[32m 0[2mms[22m[39m
 [32mΓ£ô[39m test/verify-all.test.ts[2m > [22mGROUP C ΓÇö Override Detection[2m > [22mC10: message="use the best model available"[32m 0[2mms[22m[39m
 [32mΓ£ô[39m test/verify-all.test.ts[2m > [22mGROUP C ΓÇö Override Detection[2m > [22mC11: message="hello how are you"[32m 0[2mms[22m[39m
 [32mΓ£ô[39m test/verify-all.test.ts[2m > [22mGROUP C ΓÇö Override Detection[2m > [22mC12: requestedModel="unknown/model-xyz"[32m 0[2mms[22m[39m
 [32mΓ£ô[39m test/verify-all.test.ts[2m > [22mGROUP D ΓÇö Candidate Selection[2m > [22mD01: SIMPLE tier, Chat task, cost priority[32m 0[2mms[22m[39m
 [32mΓ£ô[39m test/verify-all.test.ts[2m > [22mGROUP D ΓÇö Candidate Selection[2m > [22mD02: SIMPLE tier, Vision task, cost priority[32m 0[2mms[22m[39m
 [32mΓ£ô[39m test/verify-all.test.ts[2m > [22mGROUP D ΓÇö Candidate Selection[2m > [22mD03: MEDIUM tier, Reasoning task, cost priority[32m 0[2mms[22m[39m
 [32mΓ£ô[39m test/verify-all.test.ts[2m > [22mGROUP D ΓÇö Candidate Selection[2m > [22mD04: COMPLEX tier, Reasoning task, cost priority[32m 0[2mms[22m[39m
 [32mΓ£ô[39m test/verify-all.test.ts[2m > [22mGROUP D ΓÇö Candidate Selection[2m > [22mD05: hasTools=true[32m 0[2mms[22m[39m
 [32mΓ£ô[39m test/verify-all.test.ts[2m > [22mGROUP D ΓÇö Candidate Selection[2m > [22mD06: estimatedTokens=70000[32m 0[2mms[22m[39m
 [32mΓ£ô[39m test/verify-all.test.ts[2m > [22mGROUP D ΓÇö Candidate Selection[2m > [22mD07: speed priority, SIMPLE tier[32m 0[2mms[22m[39m
 [32mΓ£ô[39m test/verify-all.test.ts[2m > [22mGROUP D ΓÇö Candidate Selection[2m > [22mD08: quality priority[32m 0[2mms[22m[39m
 [32mΓ£ô[39m test/verify-all.test.ts[2m > [22mGROUP D ΓÇö Candidate Selection[2m > [22mD09: priorityForTasks override ΓÇö vision[32m 0[2mms[22m[39m
 [32mΓ£ô[39m test/verify-all.test.ts[2m > [22mGROUP D ΓÇö Candidate Selection[2m > [22mD10: all providers filtered[32m 0[2mms[22m[39m
 [32mΓ£ô[39m test/verify-all.test.ts[2m > [22mGROUP E ΓÇö Routing Engine End to End[2m > [22mE01: Simple chat prompt[32m 1[2mms[22m[39m
 [32mΓ£ô[39m test/verify-all.test.ts[2m > [22mGROUP E ΓÇö Routing Engine End to End[2m > [22mE02: Complex reasoning[32m 0[2mms[22m[39m
 [32mΓ£ô[39m test/verify-all.test.ts[2m > [22mGROUP E ΓÇö Routing Engine End to End[2m > [22mE03: Vision request[32m 0[2mms[22m[39m
 [32mΓ£ô[39m test/verify-all.test.ts[2m > [22mGROUP E ΓÇö Routing Engine End to End[2m > [22mE04: Tools request[32m 0[2mms[22m[39m
 [32mΓ£ô[39m test/verify-all.test.ts[2m > [22mGROUP E ΓÇö Routing Engine End to End[2m > [22mE05: Override via api-field[32m 0[2mms[22m[39m
 [32mΓ£ô[39m test/verify-all.test.ts[2m > [22mGROUP E ΓÇö Routing Engine End to End[2m > [22mE06: Override via slash command[32m 0[2mms[22m[39m
 [32mΓ£ô[39m test/verify-all.test.ts[2m > [22mGROUP E ΓÇö Routing Engine End to End[2m > [22mE07: Override with unconfigured model[32m 0[2mms[22m[39m
 [32mΓ£ô[39m test/verify-all.test.ts[2m > [22mGROUP E ΓÇö Routing Engine End to End[2m > [22mE08: estimatedTokens=70000[32m 0[2mms[22m[39m
 [32mΓ£ô[39m test/verify-all.test.ts[2m > [22mGROUP E ΓÇö Routing Engine End to End[2m > [22mE09: Empty providers config[32m 3[2mms[22m[39m
 [32mΓ£ô[39m test/verify-all.test.ts[2m > [22mGROUP E ΓÇö Routing Engine End to End[2m > [22mE10: Latency check[32m 2[2mms[22m[39m
 [32mΓ£ô[39m test/verify-all.test.ts[2m > [22mGROUP F ΓÇö Provider URL Builder[2m > [22mF01: openai/gpt-4o[32m 0[2mms[22m[39m
 [32mΓ£ô[39m test/verify-all.test.ts[2m > [22mGROUP F ΓÇö Provider URL Builder[2m > [22mF02: anthropic/claude-opus-4[32m 0[2mms[22m[39m
 [32mΓ£ô[39m test/verify-all.test.ts[2m > [22mGROUP F ΓÇö Provider URL Builder[2m > [22mF03: google/gemini-2.5-flash[32m 0[2mms[22m[39m
 [32mΓ£ô[39m test/verify-all.test.ts[2m > [22mGROUP F ΓÇö Provider URL Builder[2m > [22mF04: deepseek/deepseek-chat[32m 0[2mms[22m[39m
 [32mΓ£ô[39m test/verify-all.test.ts[2m > [22mGROUP F ΓÇö Provider URL Builder[2m > [22mF05: openrouter/auto[32m 0[2mms[22m[39m
 [32mΓ£ô[39m test/verify-all.test.ts[2m > [22mGROUP F ΓÇö Provider URL Builder[2m > [22mF06: ollama/llama3:8b[32m 0[2mms[22m[39m
 [32mΓ£ô[39m test/verify-all.test.ts[2m > [22mGROUP F ΓÇö Provider URL Builder[2m > [22mF07-F11: stripProviderPrefix[32m 0[2mms[22m[39m
 [32mΓ£ô[39m test/verify-all.test.ts[2m > [22mGROUP F ΓÇö Provider URL Builder[2m > [22mF12: Anthropic format transformation[32m 0[2mms[22m[39m
 [32mΓ£ô[39m test/verify-all.test.ts[2m > [22mGROUP G ΓÇö Fallback Caller[2m > [22mG01: First call succeeds[32m 3[2mms[22m[39m
 [32mΓ£ô[39m test/verify-all.test.ts[2m > [22mGROUP G ΓÇö Fallback Caller[2m > [22mG02: First call returns 429, second succeeds[32m 1[2mms[22m[39m
 [32mΓ£ô[39m test/verify-all.test.ts[2m > [22mGROUP G ΓÇö Fallback Caller[2m > [22mG03: First call returns 500, second 503, third succeeds[32m 1[2mms[22m[39m
 [32mΓ£ô[39m test/verify-all.test.ts[2m > [22mGROUP G ΓÇö Fallback Caller[2m > [22mG04: Call returns 400 ΓÇö stop chain[32m 0[2mms[22m[39m
 [32mΓ£ô[39m test/verify-all.test.ts[2m > [22mGROUP G ΓÇö Fallback Caller[2m > [22mG05: Call returns 401 ΓÇö skip and continue[32m 0[2mms[22m[39m
 [32mΓ£ô[39m test/verify-all.test.ts[2m > [22mGROUP G ΓÇö Fallback Caller[2m > [22mG06: All candidates fail[32m 0[2mms[22m[39m
 [32mΓ£ô[39m test/verify-all.test.ts[2m > [22mGROUP G ΓÇö Fallback Caller[2m > [22mG07: Timeout[32m 0[2mms[22m[39m
 [32mΓ£ô[39m test/verify-all.test.ts[2m > [22mGROUP G ΓÇö Fallback Caller[2m > [22mG08-G14: classifyHttpError[32m 0[2mms[22m[39m
 [32mΓ£ô[39m test/verify-all.test.ts[2m > [22mGROUP H ΓÇö Provider Config Loading[2m > [22mH01: loadProviders(undefined)[32m 1[2mms[22m[39m
 [32mΓ£ô[39m test/verify-all.test.ts[2m > [22mGROUP H ΓÇö Provider Config Loading[2m > [22mH02: loadProviders({})[32m 0[2mms[22m[39m
 [32mΓ£ô[39m test/verify-all.test.ts[2m > [22mGROUP H ΓÇö Provider Config Loading[2m > [22mH03: loadProviders({ providers: null })[32m 0[2mms[22m[39m
 [32mΓ£ô[39m test/verify-all.test.ts[2m > [22mGROUP H ΓÇö Provider Config Loading[2m > [22mH04: Known model gpt-4o contextWindow[32m 0[2mms[22m[39m
 [32mΓ£ô[39m test/verify-all.test.ts[2m > [22mGROUP H ΓÇö Provider Config Loading[2m > [22mH05: Known model gpt-4o supportsVision[32m 0[2mms[22m[39m
 [32mΓ£ô[39m test/verify-all.test.ts[2m > [22mGROUP H ΓÇö Provider Config Loading[2m > [22mH06: Known model claude-haiku-4 price[32m 0[2mms[22m[39m
 [32mΓ£ô[39m test/verify-all.test.ts[2m > [22mGROUP H ΓÇö Provider Config Loading[2m > [22mH07: Ollama model[32m 0[2mms[22m[39m
 [32mΓ£ô[39m test/verify-all.test.ts[2m > [22mGROUP H ΓÇö Provider Config Loading[2m > [22mH08: Unknown model id[32m 0[2mms[22m[39m
 [32mΓ£ô[39m test/verify-all.test.ts[2m > [22mGROUP H ΓÇö Provider Config Loading[2m > [22mH09: Provider with null id[32m 1[2mms[22m[39m
 [32mΓ£ô[39m test/verify-all.test.ts[2m > [22mGROUP H ΓÇö Provider Config Loading[2m > [22mH11: defaultPriority="speed"[32m 0[2mms[22m[39m
 [32mΓ£ô[39m test/verify-all.test.ts[2m > [22mGROUP H ΓÇö Provider Config Loading[2m > [22mH12: defaultPriority missing[32m 0[2mms[22m[39m
 [32mΓ£ô[39m test/verify-all.test.ts[2m > [22mGROUP I ΓÇö Proxy HTTP Endpoints[2m > [22mI01: GET /health[32m 11[2mms[22m[39m
 [32mΓ£ô[39m test/verify-all.test.ts[2m > [22mGROUP I ΓÇö Proxy HTTP Endpoints[2m > [22mI02: GET /v1/models[32m 2[2mms[22m[39m
 [32mΓ£ô[39m test/verify-all.test.ts[2m > [22mGROUP I ΓÇö Proxy HTTP Endpoints[2m > [22mI03: POST /v1/chat/completions ΓÇö simple chat[32m 9[2mms[22m[39m
 [32mΓ£ô[39m test/verify-all.test.ts[2m > [22mGROUP I ΓÇö Proxy HTTP Endpoints[2m > [22mI04: POST /v1/chat/completions ΓÇö explicit override[32m 2[2mms[22m[39m
 [32mΓ£ô[39m test/verify-all.test.ts[2m > [22mGROUP I ΓÇö Proxy HTTP Endpoints[2m > [22mI05: POST /v1/chat/completions ΓÇö unknown model[32m 1[2mms[22m[39m
 [32mΓ£ô[39m test/verify-all.test.ts[2m > [22mGROUP I ΓÇö Proxy HTTP Endpoints[2m > [22mI06: POST /v1/chat/completions ΓÇö slash command[32m 1[2mms[22m[39m
 [32mΓ£ô[39m test/verify-all.test.ts[2m > [22mGROUP I ΓÇö Proxy HTTP Endpoints[2m > [22mI07: POST /v1/chat/completions ΓÇö vision request[32m 2[2mms[22m[39m
 [32mΓ£ô[39m test/verify-all.test.ts[2m > [22mGROUP I ΓÇö Proxy HTTP Endpoints[2m > [22mI08: POST /v1/chat/completions ΓÇö fallback on 429[32m 2[2mms[22m[39m
 [32mΓ£ô[39m test/verify-all.test.ts[2m > [22mRouting Decision Table[2m > [22mprints routing table for 10 prompts[32m 2[2mms[22m[39m

[2m Test Files [22m [1m[32m1 passed[39m[22m[90m (1)[39m
[2m      Tests [22m [1m[32m94 passed[39m[22m[90m (94)[39m
[2m   Start at [22m 23:19:31
[2m   Duration [22m 710ms[2m (transform 369ms, setup 0ms, import 476ms, tests 97ms, environment 0ms)[22m

